    Checking witvoice-audio v0.1.0 (D:\Project\witvoice\crates\audio)
    Checking witvoice-session v0.1.0 (D:\Project\witvoice\crates\session)
    Checking witvoice-node v0.1.0 (D:\Project\witvoice\apps\voice-node)
    Checking witvoice-transport v0.1.0 (D:\Project\witvoice\crates\transport)
error: variable does not need to be mutable
  --> crates\session\..\..\tests\integration\identity_pipeline.rs:40:24
   |
40 |     let (mut producer, mut sink) =
   |                        ----^^^^
   |                        |
   |                        help: remove this `mut`
   |
   = note: `-D unused-mut` implied by `-D warnings`
   = help: to override `-D warnings` add `#[allow(unused_mut)]`

error: call to `std::mem::drop` with a value that does not implement `Drop`. Dropping such a type only extends its contained lifetimes
  --> crates\session\..\..\tests\integration\identity_pipeline.rs:60:5
   |
60 |     drop(producer);
   |     ^^^^^^^^^^^^^^
   |
note: argument has type `witvoice_audio::realtime::ProcessedProducer<'_>`
  --> crates\session\..\..\tests\integration\identity_pipeline.rs:60:10
   |
60 |     drop(producer);
   |          ^^^^^^^^
   = help: for further information visit https://rust-lang.github.io/rust-clippy/rust-1.99.0/index.html#drop_non_drop
   = note: `-D clippy::drop-non-drop` implied by `-D warnings`
   = help: to override `-D warnings` add `#[allow(clippy::drop_non_drop)]`

error: call to `std::mem::drop` with a value that does not implement `Drop`. Dropping such a type only extends its contained lifetimes
  --> crates\session\..\..\tests\integration\identity_pipeline.rs:61:5
   |
61 |     drop(sink);
   |     ^^^^^^^^^^
   |
note: argument has type `witvoice_audio::realtime::Playout<'_>`
  --> crates\session\..\..\tests\integration\identity_pipeline.rs:61:10
   |
61 |     drop(sink);
   |          ^^^^
   = help: for further information visit https://rust-lang.github.io/rust-clippy/rust-1.99.0/index.html#drop_non_drop

error: could not compile `witvoice-session` (test "identity_pipeline") due to 3 previous errors
