    Checking memchr v2.8.3
    Checking windows-link v0.2.1
    Checking windows-strings v0.5.1
    Checking windows-result v0.4.1
    Checking windows-core v0.62.2
    Checking serde_core v1.0.228
   Compiling num-conv v0.2.2
   Compiling time-core v0.1.9
   Compiling time-macros v0.2.32
    Checking deranged v0.5.8
    Checking itoa v1.0.18
    Checking ryu v1.0.23
    Checking powerfmt v0.2.0
    Checking time v0.3.55
    Checking serde_json v1.0.145
    Checking serde v1.0.228
    Checking num-traits v0.2.19
    Checking windows-threading v0.2.1
    Checking minimal-lexical v0.2.1
    Checking dyn-clone v1.0.20
    Checking schemars v0.8.22
    Checking nom v7.1.3
    Checking windows-future v0.3.2
    Checking windows-collections v0.3.2
    Checking windows-numerics v0.3.1
    Checking windows v0.62.2
    Checking thiserror v2.0.21
    Checking rusticata-macros v4.1.0
    Checking witvoice-contracts v0.1.0 (D:\Project\witvoice\crates\contracts)
    Checking cfg-if v1.0.5
    Checking getrandom v0.2.17
    Checking asn1-rs v0.7.2
    Checking num-integer v0.1.47
    Checking untrusted v0.9.0
    Checking ring v0.17.14
    Checking num-bigint v0.4.8
    Checking witvoice-platform v0.1.0 (D:\Project\witvoice\crates\platform)
error: this `if` statement can be collapsed
   --> crates\platform\src\discovery\native.rs:101:9
    |
101 | /         if let Ok(mut items) = self.items.try_lock() {
102 | |             if items.len() < QUEUE_LIMIT {
103 | |                 items.push_back(event);
104 | |                 return;
105 | |             }
106 | |         }
    | |_________^
    |
    = help: for further information visit https://rust-lang.github.io/rust-clippy/rust-1.99.0/index.html#collapsible_if
    = note: `-D clippy::collapsible-if` implied by `-D warnings`
    = help: to override `-D warnings` add `#[allow(clippy::collapsible_if)]`
help: collapse nested if block
    |
101 ~         if let Ok(mut items) = self.items.try_lock()
102 ~             && items.len() < QUEUE_LIMIT {
103 |                 items.push_back(event);
104 |                 return;
105 ~             }
    |

error: this `if` statement can be collapsed
   --> crates\platform\src\discovery\native.rs:399:5
    |
399 | /     if std::panic::catch_unwind(std::panic::AssertUnwindSafe(call)).is_err() {
400 | |         if let Some(op) = callback_operation(context) {
401 | |             op.failure.store(INVALID, Ordering::Release);
402 | |             op.queue.push(Event::Failed(INVALID));
403 | |         }
404 | |     }
    | |_____^
    |
    = help: for further information visit https://rust-lang.github.io/rust-clippy/rust-1.99.0/index.html#collapsible_if
help: collapse nested if block
    |
399 ~     if std::panic::catch_unwind(std::panic::AssertUnwindSafe(call)).is_err()
400 ~         && let Some(op) = callback_operation(context) {
401 |             op.failure.store(INVALID, Ordering::Release);
402 |             op.queue.push(Event::Failed(INVALID));
403 ~         }
    |

error: could not compile `witvoice-platform` (lib) due to 2 previous errors
